Archive member included       because of file (symbol)

/usr/local/openravenscar/lib/gcc-lib/sparc-ork-elf/2.8.1/adalib/libgnarl.a(a-reatim.o)
                              ./devices.o (ada__real_time__clock)
/usr/local/openravenscar/lib/gcc-lib/sparc-ork-elf/2.8.1/adalib/libgnarl.a(a-retide.o)
                              ./pulse_interrupt.o (ada__real_time__delays__delay_until)
/usr/local/openravenscar/lib/gcc-lib/sparc-ork-elf/2.8.1/adalib/libgnarl.a(s-interr.o)
                              b~main.o (system__interrupts___elabs)
/usr/local/openravenscar/lib/gcc-lib/sparc-ork-elf/2.8.1/adalib/libgnarl.a(s-osinte.o)
                              /usr/local/openravenscar/lib/gcc-lib/sparc-ork-elf/2.8.1/adalib/libgnarl.a(s-interr.o) (system__os_interface__attach_handler)
/usr/local/openravenscar/lib/gcc-lib/sparc-ork-elf/2.8.1/adalib/libgnarl.a(s-taprob.o)
                              ./objetos_protegidos.o (system__tasking__protected_objects__initialize_protection)
/usr/local/openravenscar/lib/gcc-lib/sparc-ork-elf/2.8.1/adalib/libgnarl.a(s-taprop.o)
                              /usr/local/openravenscar/lib/gcc-lib/sparc-ork-elf/2.8.1/adalib/libgnarl.a(a-retide.o) (system__task_primitives__operations__self)
/usr/local/openravenscar/lib/gcc-lib/sparc-ork-elf/2.8.1/adalib/libgnarl.a(s-tarest.o)
                              ./pulse_interrupt.o (system__tasking__restricted__stages__create_restricted_task)
/usr/local/openravenscar/lib/gcc-lib/sparc-ork-elf/2.8.1/adalib/libgnarl.a(s-tasdeb.o)
                              b~main.o (system__tasking__debug___elabs)
/usr/local/openravenscar/lib/gcc-lib/sparc-ork-elf/2.8.1/adalib/libgnarl.a(s-taskin.o)
                              /usr/local/openravenscar/lib/gcc-lib/sparc-ork-elf/2.8.1/adalib/libgnarl.a(s-tasdeb.o) (system__tasking__task_statesT)
/usr/local/openravenscar/lib/gcc-lib/sparc-ork-elf/2.8.1/adalib/libgnarl.a(s-taspri.o)
                              /usr/local/openravenscar/lib/gcc-lib/sparc-ork-elf/2.8.1/adalib/libgnarl.a(s-taskin.o) (system__task_primitives___init_proc)
/usr/local/openravenscar/lib/gcc-lib/sparc-ork-elf/2.8.1/adalib/libgnarl.a(s-tposen.o)
                              /usr/local/openravenscar/lib/gcc-lib/sparc-ork-elf/2.8.1/adalib/libgnarl.a(s-interr.o) (system__tasking__protected_objects__single_entry__protection_entryP)
/usr/local/openravenscar/lib/gcc-lib/sparc-ork-elf/2.8.1/adalib/libgnarl.a(kernel-interrupts.o)
                              /usr/local/openravenscar/lib/gcc-lib/sparc-ork-elf/2.8.1/adalib/libgnarl.a(s-osinte.o) (kernel_attach_interrupt_handler)
/usr/local/openravenscar/lib/gcc-lib/sparc-ork-elf/2.8.1/adalib/libgnarl.a(kernel-threads.o)
                              b~main.o (kernel__threads___elabs)
/usr/local/openravenscar/lib/gcc-lib/sparc-ork-elf/2.8.1/adalib/libgnarl.a(kernel-threads-atcb.o)
                              /usr/local/openravenscar/lib/gcc-lib/sparc-ork-elf/2.8.1/adalib/libgnarl.a(s-taprop.o) (kernel__threads__atcb__set_atcb)
/usr/local/openravenscar/lib/gcc-lib/sparc-ork-elf/2.8.1/adalib/libgnarl.a(kernel-threads-queues.o)
                              /usr/local/openravenscar/lib/gcc-lib/sparc-ork-elf/2.8.1/adalib/libgnarl.a(s-taprop.o) (running_thread)
/usr/local/openravenscar/lib/gcc-lib/sparc-ork-elf/2.8.1/adalib/libgnarl.a(kernel-threads-protection.o)
                              /usr/local/openravenscar/lib/gcc-lib/sparc-ork-elf/2.8.1/adalib/libgnarl.a(kernel-threads.o) (kernel__threads__protection__dispatch)
/usr/local/openravenscar/lib/gcc-lib/sparc-ork-elf/2.8.1/adalib/libgnarl.a(kernel-time.o)
                              /usr/local/openravenscar/lib/gcc-lib/sparc-ork-elf/2.8.1/adalib/libgnarl.a(s-taprop.o) (kernel_clock)
/usr/local/openravenscar/lib/gcc-lib/sparc-ork-elf/2.8.1/adalib/libgnarl.a(kernel-memory.o)
                              /usr/local/openravenscar/sparc-ork-elf/lib/ada_crt0.o (environment_stack)
/usr/local/openravenscar/lib/gcc-lib/sparc-ork-elf/2.8.1/adalib/libgnarl.a(kernel-cpu_primitives.o)
                              /usr/local/openravenscar/lib/gcc-lib/sparc-ork-elf/2.8.1/adalib/libgnarl.a(kernel-threads-protection.o) (kernel__cpu_primitives__context_switch)
/usr/local/openravenscar/lib/gcc-lib/sparc-ork-elf/2.8.1/adalib/libgnarl.a(kernel-peripherals-registers.o)
                              ./force_external_interrupt_2.o (kernel__peripherals__registers__test_control)
/usr/local/openravenscar/lib/gcc-lib/sparc-ork-elf/2.8.1/adalib/libgnarl.a(kernel-peripherals.o)
                              /usr/local/openravenscar/lib/gcc-lib/sparc-ork-elf/2.8.1/adalib/libgnarl.a(kernel-interrupts.o) (kernel__peripherals__to_vector)
/usr/local/openravenscar/lib/gcc-lib/sparc-ork-elf/2.8.1/adalib/libgnarl.a(kernel-serial_output.o)
                              ./devices.o (kernel__serial_output__put__2)
/usr/local/openravenscar/lib/gcc-lib/sparc-ork-elf/2.8.1/adalib/libgnarl.a(context.o)
[...]
Memory Configuration

Name             Origin             Length             Attributes
rom              0x00000000         0x00200000         xr
ram              0x02000000         0x003f8000         xrw
*default*        0x00000000         0xffffffff

Linker script and memory map

                0x00200000                PROM_SIZE=0x200000
                0x00400000                RAM_SIZE=0x400000
                0x00000000                PROM_START=0x0
                0x00200000                PROM_END=(PROM_START+PROM_SIZE)
                0x02000000                RAM_START=0x2000000
                0x02400000                RAM_END=(RAM_START+RAM_SIZE)

.text           0x02000000    0x363b0
 CREATE_OBJECT_SYMBOLS
                0x02000000                text_start=.
 *(.text)
 .text          0x02000000     0x1384 /usr/local/openravenscar/sparc-ork-elf/lib/ada_crt0.o
                0x020011bc                __exit
                0x02000000                trap_table
                0x02000000                start
                0x020011bc                _exit
 .text          0x02001384      0x2a4 b~main.o
                0x02001610                ada_main___elabb
                0x02001384                adainit
                0x02001590                main
                0x02001574                adafinal
 .text          0x02001628       0x1c ./main.o
                0x02001628                _ada_main
 .text          0x02001644       0x98 ./force_external_interrupt_2.o
                0x02001644                _ada_force_external_interrupt_2
 .text          0x020016dc     0x1f98 ./objetos_protegidos.o
                0x02001a9c                objetos_protegidos__sintomasPT__get_distancia_peligrosaN
                0x02002c84                objetos_protegidos__medidasPT__set_velocidadN
                0x020017e4                objetos_protegidos__sintomasPT__get_cabezaN
                0x020018cc                objetos_protegidos__sintomasPT__get_distancia_inseguraN
                0x020017a8                objetos_protegidos___elabs
                0x02001944                objetos_protegidos__sintomasPT__set_distancia_inseguraN
                0x02001e20                objetos_protegidos__sintomasPT__get_volantazoP
                0x020016dc                objetos_protegidos___init_proc
                0x02002c30                objetos_protegidos__medidasPT__get_velocidadN
                0x02003314                objetos_protegidos__elegir_modoPT__setmodoN
                0x0200365c                objetos_protegidos___elabb
                0x02001a2c                objetos_protegidos__sintomasPT__set_distancia_imprudenteN
                0x02002128                objetos_protegidos__sintomasPT__get_distancia_peligrosaP
                0x02001fac                objetos_protegidos__sintomasPT__set_distancia_peligrosaP
                0x02001b14                objetos_protegidos__sintomasPT__set_distancia_peligrosaN
                0x02002be8                objetos_protegidos__medidasPT__set_distanciaN
                0x020019b4                objetos_protegidos__sintomasPT__get_distancia_imprudenteN
                0x02002d04                objetos_protegidos__medidasPT__set_velocidadP
                0x02001768                objetos_protegidos___init_proc__3
                0x020025bc                objetos_protegidos__sintomasPT__set_distancia_inseguraP
                0x020028c4                objetos_protegidos__sintomasPT__set_cabezaP
                0x020022b4                objetos_protegidos__sintomasPT__set_distancia_imprudenteP
                0x0200172c                objetos_protegidos___init_proc__2
                0x02003004                objetos_protegidos__medidasPT__set_distanciaP
                0x02003508                objetos_protegidos__elegir_modoPT__getmodoP
                0x020032cc                objetos_protegidos__elegir_modoPT__getmodoN
                0x02002a40                objetos_protegidos__sintomasPT__get_cabezaP
                0x02001bfc                objetos_protegidos__sintomasPT__set_volantazoN
                0x02001b84                objetos_protegidos__sintomasPT__get_volantazoN
                0x02002e78                objetos_protegidos__medidasPT__get_velocidadP
                0x02002b94                objetos_protegidos__medidasPT__get_distanciaN
                0x02002738                objetos_protegidos__sintomasPT__get_distancia_inseguraP
                0x02001ca4                objetos_protegidos__sintomasPT__set_volantazoP
                0x0200185c                objetos_protegidos__sintomasPT__set_cabezaN
                0x02003178                objetos_protegidos__medidasPT__get_distanciaP
                0x02002430                objetos_protegidos__sintomasPT__get_distancia_imprudenteP
                0x0200338c                objetos_protegidos__elegir_modoPT__setmodoP
 .text          0x02003674      0x57c ./pulse_interrupt.o
                0x02003bbc                pulse_interrupt___elabb
                0x020036f0                pulse_interrupt___elabs
                0x02003674                pulse_interrupt___init_proc
                0x02003944                pulse_interrupt__interruptTKB
 .text          0x02003bf0     0x50d8 ./devices.o
                0x0200724c                devices___init_proc__6
                0x02007efc                devices__display_distance
                0x020081a4                devices__display_electrodes_sample
                0x02003d8c                devices__reading_sensors
                0x02005b2c                devices__reading_speed
                0x020080b8                devices__display_headposition_sample
                0x02008024                devices__display_steering
                0x02006698                devices___init_proc__5
                0x02003d2c                devices___init_proc
                0x02004f00                devices___init_proc__3
                0x0200891c                devices(bool,...)(...)( *)
                0x0200439c                devices__reading_eyesimage
                0x02007f90                devices__display_speed
                0x02008c50                devices___elabb
                0x02008bf4                devices__activate_brake
                0x020072ac                devices__reading_steering
                0x020084bc                devices__display_cronometro
                0x02008834                devices__light
                0x02005acc                devices___init_proc__4
                0x020066f8                devices__reading_headposition
                0x02004f60                devices__reading_distance
                0x02008b98                devices__activate_automatic_driving
                0x0200433c                devices___init_proc__2
                0x02003bf0                devices___elabs
                0x02008290                devices__display_eyes_sample
                0x02007e18                devices__display_pulse_rate
 .text          0x02008cc8      0xb2c ./actuadores.o
                0x02008d44                actuadores___init_proc__2
                0x020097c4                actuadores___elabb
                0x02008cc8                actuadores___init_proc
                0x02008de0                actuadores__displayB
                0x02009224                actuadores__riesgosB
 .text          0x020097f4      0x944 ./modo_interrupcion.o
                0x020097f4                modo_interrupcion___init_proc
                0x02009d94                modo_interrupcion__modoB
                0x02009934                modo_interrupcion__interrupt_handlerPT__B5s
                0x0200a114                modo_interrupcion___elabb
                0x0200988c                modo_interrupcion___init_proc__2
                0x02009a00                modo_interrupcion__interrupt_handlerPT__E4s
                0x02009908                modo_interrupcion___elabs
                0x02009c40                modo_interrupcion__interrupt_handlerPT__interrupcionP
                0x020099c8                modo_interrupcion__interrupt_handlerPT__interrupcionN
 .text          0x0200a138      0xe5c ./sensores.o
                0x0200a7d4                sensores__distanciaB
                0x0200a138                sensores___init_proc
                0x0200a2cc                sensores__cabezaB
                0x0200af58                sensores___elabb
                0x0200a1b4                sensores___init_proc__2
                0x0200ac54                sensores__volanteB
                0x0200a230                sensores___init_proc__3
 .text          0x0200af94      0x9a8 ./workload.o
                0x0200af94                workload___elabs
                0x0200b394                workload__small_whetstone
                0x0200b924                workload___elabb
 .text          0x0200b93c      0x8cc ./tools.o
                0x0200c1d8                tools___elabb
                0x0200c0e0                tools__execution_time
                0x0200c030                tools__finishing_notice
                0x0200c154                tools__max
                0x0200bf80                tools__starting_notice
                0x0200b93c                tools___elabs
                0x0200bc28                tools__print_an_integer
                0x0200bde0                tools__print_a_float
                0x0200b988                tools__current_time
 .text          0x0200c208      0x81c ./add.o
                0x0200c208                add__background
                0x0200c244                add___elabb
 .text          0x0200ca24      0x5e4 /usr/local/openravenscar/lib/gcc-lib/sparc-ork-elf/2.8.1/adalib/libgnarl.a(a-reatim.o)
                0x0200ca50                ada__real_time__Oadd__2
                0x0200cc24                ada__real_time__split
                0x0200ca40                ada__real_time__Oadd
                0x0200caa0                ada__real_time__Osubtract__4
                0x0200cba4                ada__real_time__nanoseconds
                0x0200cb10                ada__real_time__Odivide__2
                0x0200cacc                ada__real_time__Odivide
                0x0200ca80                ada__real_time__Osubtract__2
                0x0200cb94                ada__real_time__to_duration
                0x0200cf3c                ada__real_time__time_of
                0x0200ca60                ada__real_time__Oadd__3
                0x0200cbf4                ada__real_time__milliseconds
                0x0200ca24                ada__real_time__clock
                0x0200cbc8                ada__real_time__microseconds
                0x0200ca70                ada__real_time__Osubtract
                0x0200ca90                ada__real_time__Osubtract__3
                0x0200cb9c                ada__real_time__to_time_span
                0x0200cb68                ada__real_time__Omultiply__2
                0x0200cb3c                ada__real_time__Omultiply
 .text          0x0200d008       0x68 /usr/local/openravenscar/lib/gcc-lib/sparc-ork-elf/2.8.1/adalib/libgnarl.a(a-retide.o)
                0x0200d04c                ada__real_time__delays__to_duration
                0x0200d008                ada__real_time__delays__delay_until
 .text          0x0200d070      0xcc4 /usr/local/openravenscar/lib/gcc-lib/sparc-ork-elf/2.8.1/adalib/libgnarl.a(s-interr.o)
                0x0200d32c                system__interrupts__is_reserved
                0x0200d094                system__interrupts___elabs
                0x0200dac4                system__interrupts__install_handlers
                0x0200d180                system__interrupts__ada_interrupt_wrapper
                0x0200d3a4                system__interrupts__current_handler__3
                0x0200dc40                system__interrupts___init_proc__4
                0x0200dc4c                system__interrupts___init_proc__5
                0x0200dbec                system__interrupts___init_proc__2
                0x0200da5c                system__interrupts__reference
                0x0200d264                system__interrupts__register_interrupt_handler
                0x0200dd1c                system__interrupts___init_proc__7
                0x0200dbe4                system__interrupts___init_proc
                0x0200d880                system__interrupts__detach_handler__3
                0x0200d628                system__interrupts__exchange_handler
                0x0200d420                system__interrupts__attach_handler__3
                0x0200d340                system__interrupts__is_handler_attached
                0x0200d2b8                system__interrupts__is_registered
                0x0200dd28                system__interrupts___init_proc__8
                0x0200da8c                system__interrupts__finalize
                0x0200db7c                system__interrupts___elabb
                0x0200d070                system__interrupts___size
                0x0200dbf8                system__interrupts___init_proc__3
                0x0200dabc                system__interrupts__has_interrupt_or_attach_handler
                0x0200dc9c                system__interrupts___init_proc__6
 .text          0x0200dd34       0x54 /usr/local/openravenscar/lib/gcc-lib/sparc-ork-elf/2.8.1/adalib/libgnarl.a(s-osinte.o)
                0x0200dd60                system__os_interface__detach_handler
                0x0200dd34                system__os_interface__priority_of_interrupt
                0x0200dd48                system__os_interface__attach_handler
                0x0200dd74                system__os_interface__current_handler
 .text          0x0200dd88      0x10c /usr/local/openravenscar/lib/gcc-lib/sparc-ork-elf/2.8.1/adalib/libgnarl.a(s-taprob.o)
                0x0200de74                system__tasking__protected_objects___init_proc
                0x0200de44                system__tasking__protected_objects__unlock
                0x0200ddb4                system__tasking__protected_objects__lock
                0x0200de80                system__tasking__protected_objects___init_proc__2
                0x0200dd88                system__tasking__protected_objects__initialize_protection
                0x0200ddfc                system__tasking__protected_objects__lock_read_only
                0x0200de5c                system__tasking__protected_objects__finalize_protection
 .text          0x0200de94      0x978 /usr/local/openravenscar/lib/gcc-lib/sparc-ork-elf/2.8.1/adalib/libgnarl.a(s-taprop.o)
                0x0200e114                system__task_primitives__operations__get_priority
                0x0200df8c                system__task_primitives__operations__unlock__2
                0x0200e2ec                system__task_primitives__operations__check_no_locks
                0x0200df10                system__task_primitives__operations__write_lock
                0x0200e34c                system__task_primitives__operations__resume_task
                0x0200e3cc                system__task_primitives__operations___elabb
                0x0200e058                system__task_primitives__operations__clock
                0x0200df2c                system__task_primitives__operations__write_lock__2
                0x0200decc                system__task_primitives__operations__get_thread_id
                0x0200dfe0                system__task_primitives__operations__timed_delay
                0x0200e0f4                system__task_primitives__operations__set_priority
                0x0200dfbc                system__task_primitives__operations__timed_sleep
                0x0200deb0                system__task_primitives__operations__self
                0x0200dfa4                system__task_primitives__operations__sleep
                0x0200e2d0                system__task_primitives__operations__set_exit_task_procedure
                0x0200df78                system__task_primitives__operations__unlock
                0x0200e304                system__task_primitives__operations__environment_task
                0x0200ded8                system__task_primitives__operations__initialize_lock
                0x0200e600                system__task_primitives__operations___init_proc
                0x0200e2b4                system__task_primitives__operations__exit_task
                0x0200e07c                system__task_primitives__operations__wakeup
                0x0200de94                system__task_primitives__operations__set
                0x0200e2dc                system__task_primitives__operations__abort_task
                0x0200e310                system__task_primitives__operations__lock_all_tasks_list
                0x0200df44                system__task_primitives__operations__write_lock__3
                0x0200e2a4                system__task_primitives__operations__finalize_tcb
                0x0200e190                system__task_primitives__operations__new_atcb
                0x0200e344                system__task_primitives__operations__suspend_task
                0x0200e090                system__task_primitives__operations__yield
                0x0200e32c                system__task_primitives__operations__unlock_all_tasks_list
                0x0200e354                system__task_primitives__operations__initialize
                0x0200e2e4                system__task_primitives__operations__check_exit
                0x0200e208                system__task_primitives__operations__initialize_tcb
                0x0200dec4                system__task_primitives__operations__stack_guard
                0x0200df08                system__task_primitives__operations__finalize_lock
                0x0200e2ac                system__task_primitives__operations__default_exit_task_procedure
                0x0200e244                system__task_primitives__operations__create_task
                0x0200def0                system__task_primitives__operations__initialize_lock__2
                0x0200df5c                system__task_primitives__operations__read_lock
                0x0200e12c                system__task_primitives__operations__enter_task
 .text          0x0200e80c      0x924 /usr/local/openravenscar/lib/gcc-lib/sparc-ork-elf/2.8.1/adalib/libgnarl.a(s-tarest.o)
                0x0200ea80                system__tasking__restricted__stages__create_restricted_task
                0x0200ef80                system__tasking__restricted__stages__restricted_terminated
                0x0200ec90                system__tasking__restricted__stages__activate_restricted_tasks
                0x0200ee50                system__tasking__restricted__stages__complete_restricted_activation
                0x0200ef94                system__tasking__restricted__stages__finalize_global_tasks
                0x0200efe8                system__tasking__restricted__stages___elabb
                0x0200ef20                system__tasking__restricted__stages__complete_restricted_task
 .text          0x0200f130      0xf44 /usr/local/openravenscar/lib/gcc-lib/sparc-ork-elf/2.8.1/adalib/libgnarl.a(s-tasdeb.o)
                0x0200fda8                system__tasking__debug__image
                0x0201004c                system__tasking__debug___init_proc__2
                0x0200fa84                system__tasking__debug__print_current_task
                0x0200fcf8                system__tasking__debug__trace__2
                0x0200f130                system__tasking__debug___elabs
                0x0200faa0                system__tasking__debug__list_tasks
                0x0200ff50                system__tasking__debug__resume_all_tasks
                0x0200f1a8                system__tasking__debug__set_user_state
                0x0200f8d0                system__tasking__debug__print_task_info_header
                0x0201000c                system__tasking__debug___init_proc
                0x0200f194                system__tasking__debug__self
                0x0200ff88                system__tasking__debug___elabb
                0x0200fae0                system__tasking__debug__print_accept_info
                0x0200fd94                system__tasking__debug__set_trace
                0x0200fba4                system__tasking__debug__trace
                0x0200fd2c                system__tasking__debug__trace__3
                0x0200fd60                system__tasking__debug__trace__4
                0x0200f490                system__tasking__debug__print_task_info
                0x0200f18c                system__tasking__debug__task_termination_hook
                0x0200f184                system__tasking__debug__task_creation_hook
                0x0200ff18                system__tasking__debug__suspend_all_tasks
 .text          0x02010074      0x75c /usr/local/openravenscar/lib/gcc-lib/sparc-ork-elf/2.8.1/adalib/libgnarl.a(s-taskin.o)
                0x02010488                system__tasking___init_proc__3
                0x02010730                system__tasking___init_proc__8
                0x020106f0                system__tasking___init_proc__7
                0x02010074                system__tasking__self
                0x02010450                system__tasking___init_proc__2
                0x020101b0                system__tasking___elabb
                0x02010504                system__tasking___init_proc__4
                0x0201073c                system__tasking___init_proc__9
                0x020103fc                system__tasking___init_proc
                0x02010558                system__tasking___init_proc__6
                0x02010088                system__tasking__initialize_atcb
                0x02010510                system__tasking___init_proc__5
 .text          0x020107d0       0x14 /usr/local/openravenscar/lib/gcc-lib/sparc-ork-elf/2.8.1/adalib/libgnarl.a(s-taspri.o)
                0x020107d0                system__task_primitives___init_proc
 .text          0x020107e4      0x8cc /usr/local/openravenscar/lib/gcc-lib/sparc-ork-elf/2.8.1/adalib/libgnarl.a(s-tposen.o)
                0x02010a24                system__tasking__protected_objects__single_entry__check_exception
                0x02010804                system__tasking__protected_objects__single_entry___elabs
                0x020107e4                system__tasking__protected_objects__single_entry___size
                0x02010b2c                system__tasking__protected_objects__single_entry__po_do_or_queue
                0x02010f58                system__tasking__protected_objects__single_entry__timed_protected_single_entry_call
                0x020107fc                system__tasking__protected_objects__single_entry___deep_finalize
                0x0201098c                system__tasking__protected_objects__single_entry__wait_for_completion
                0x02010a48                system__tasking__protected_objects__single_entry__initialize_protection_entry
                0x02010acc                system__tasking__protected_objects__single_entry__lock_read_only_entry
                0x02011054                system__tasking__protected_objects__single_entry__protected_count_entry
                0x02011040                system__tasking__protected_objects__single_entry__complete_single_entry_body
                0x02010cbc                system__tasking__protected_objects__single_entry__service_entry
                0x0201106c                system__tasking__protected_objects__single_entry__protected_single_entry_caller
                0x02010a84                system__tasking__protected_objects__single_entry__lock_entry
                0x02010b14                system__tasking__protected_objects__single_entry__unlock_entry
                0x02010e48                system__tasking__protected_objects__single_entry__protected_single_entry_call
                0x02010934                system__tasking__protected_objects__single_entry__send_program_error
                0x02010970                system__tasking__protected_objects__single_entry__wakeup_entry_caller
                0x02010cd8                system__tasking__protected_objects__single_entry__po_service_entry
                0x02011048                system__tasking__protected_objects__single_entry__exceptional_complete_single_entry_body
                0x020109b4                system__tasking__protected_objects__single_entry__wait_for_completion_with_timeout
                0x02011080                system__tasking__protected_objects__single_entry___init_proc
 .text          0x020110b0      0x1f0 /usr/local/openravenscar/lib/gcc-lib/sparc-ork-elf/2.8.1/adalib/libgnarl.a(kernel-interrupts.o)
                0x02011178                kernel_detach_interrupt_handler
                0x020111c0                kernel__interrupts___elabb
                0x020110b0                kernel__interrupts__null_handler
                0x020110b8                kernel__interrupts__wrapper
                0x020111a0                kernel_current_interrupt_handler
                0x02011118                kernel_attach_interrupt_handler
                0x02011244                kernel__interrupts___init_proc__2
                0x0201122c                kernel__interrupts___init_proc
 .text          0x020112a0      0x5dc /usr/local/openravenscar/lib/gcc-lib/sparc-ork-elf/2.8.1/adalib/libgnarl.a(kernel-threads.o)
                0x020112a0                kernel__threads___elabs
                0x02011840                kernel__threads___init_proc__3
                0x02011510                kernel_yield
                0x02011610                kernel_check_no_mutexes
                0x02011620                kernel_condition_init
                0x02011470                kernel__threads__set_active_priority
                0x02011424                kernel_set_priority
                0x020116e4                kernel_condition_signal
                0x02011744                kernel_thread_create
                0x0201132c                kernel__threads__default_dummy_task_function
                0x0201180c                kernel_thread_self
                0x020112dc                kernel__threads__thread_caller
                0x02011628                kernel_condition_wait
                0x0201133c                kernel_initialize
                0x020115b0                kernel_mutex_unlock
                0x02011558                kernel_mutex_lock
                0x0201154c                kernel_mutex_init
                0x0201181c                kernel__threads___elabb
                0x0201182c                kernel__threads___init_proc
                0x02011838                kernel__threads___init_proc__2
                0x020114f4                kernel_get_priority
 .text          0x0201187c       0x28 /usr/local/openravenscar/lib/gcc-lib/sparc-ork-elf/2.8.1/adalib/libgnarl.a(kernel-threads-atcb.o)
                0x02011894                kernel__threads__atcb___elabb
                0x02011884                kernel__threads__atcb__thread_self_atcb
                0x0201187c                kernel__threads__atcb__set_atcb
 .text          0x020118a4      0x478 /usr/local/openravenscar/lib/gcc-lib/sparc-ork-elf/2.8.1/adalib/libgnarl.a(kernel-threads-queues.o)
                0x02011abc                kernel__threads__queues__insert_alarm
                0x02011960                kernel__threads__queues__insert_at_tail
                0x020118bc                kernel__threads__queues__insert_at_head
                0x02011b88                kernel__threads__queues__extract_first_alarm
                0x02011a70                kernel__threads__queues__get_new_thread_descriptor
                0x02011c8c                kernel__threads__queues___init_proc
                0x02011a04                kernel__threads__queues__extract_from_ready
                0x02011bb4                kernel__threads__queues__get_next_alarm_time
                0x02011be8                kernel__threads__queues___elabb
                0x02011a4c                kernel__threads__queues__next_running
                0x020118b0                kernel__threads__queues__environment_thread_id
                0x020118a4                kernel__threads__queues__dummy_thread_id
 .text          0x02011d1c      0x108 /usr/local/openravenscar/lib/gcc-lib/sparc-ork-elf/2.8.1/adalib/libgnarl.a(kernel-threads-protection.o)
                0x02011d40                kernel__threads__protection__leave_kernel
                0x02011d1c                kernel__threads__protection__dispatch
                0x02011e14                kernel__threads__protection___elabb
                0x02011d2c                kernel__threads__protection__enter_kernel
 .text          0x02011e24      0x3c4 /usr/local/openravenscar/lib/gcc-lib/sparc-ork-elf/2.8.1/adalib/libgnarl.a(kernel-time.o)
                0x02011edc                kernel_delay_until
                0x02011e24                kernel_clock
                0x020121a8                kernel__time___elabb
 .text          0x020121e8       0x9c /usr/local/openravenscar/lib/gcc-lib/sparc-ork-elf/2.8.1/adalib/libgnarl.a(kernel-memory.o)
                0x02012244                kernel__memory___elabb
                0x020121f0                kernel_new_stack
                0x020121e8                kernel_new_memory_region
 .text          0x02012284       0x88 /usr/local/openravenscar/lib/gcc-lib/sparc-ork-elf/2.8.1/adalib/libgnarl.a(kernel-cpu_primitives.o)
                0x02012284                kernel__cpu_primitives__context_switch
                0x02012290                kernel__cpu_primitives__initialize_context
                0x020122fc                kernel__cpu_primitives___elabb
 .text          0x0201230c       0x44 /usr/local/openravenscar/lib/gcc-lib/sparc-ork-elf/2.8.1/adalib/libgnarl.a(kernel-peripherals-registers.o)
                0x0201230c                kernel__peripherals__registers___elabs
 .text          0x02012350      0x6ac /usr/local/openravenscar/lib/gcc-lib/sparc-ork-elf/2.8.1/adalib/libgnarl.a(kernel-peripherals.o)
                0x02012360                kernel__peripherals__stop_watch_dog
                0x02012350                kernel__peripherals__to_vector
                0x0201237c                kernel__peripherals__init_clock
                0x02012948                kernel__peripherals___elabb
                0x02012460                kernel__peripherals__cancel_and_set_alarm
                0x0201243c                kernel__peripherals__init_board
                0x02012474                kernel__peripherals__set_alarm
                0x020125e8                kernel__peripherals__read_clock
                0x02012658                kernel__peripherals__clear_alarm_interrupt
                0x02012888                kernel__peripherals__uart_send
                0x02012660                kernel__peripherals__clear_clock_interrupt
                0x0201279c                kernel__peripherals__init_uart
                0x02012374                kernel__peripherals__memory_configuration
                0x02012668                kernel__peripherals__protect_segment
                0x02012358                kernel__peripherals__priority_of_interrupt
 .text          0x020129fc       0xe4 /usr/local/openravenscar/lib/gcc-lib/sparc-ork-elf/2.8.1/adalib/libgnarl.a(kernel-serial_output.o)
                0x02012a54                kernel_new_line
                0x02012a68                kernel_put_line_c
                0x02012a14                kernel__serial_output__put__2
                0x020129fc                kernel_put_c
                0x02012a84                kernel__serial_output__put_line__2
                0x02012ab4                kernel__serial_output___elabb
 .text          0x02012ae0      0x2dc /usr/local/openravenscar/lib/gcc-lib/sparc-ork-elf/2.8.1/adalib/libgnarl.a(context.o)
                0x02012db4                exit_from_context_switch
                0x02012ae0                context_switch
                0x02012aec                context_trap
 .text          0x02012dbc      0x60c /usr/local/openravenscar/lib/gcc-lib/sparc-ork-elf/2.8.1/adalib/libgnarl.a(install_handler.o)
                0x02012e74                set_next_running
                0x02012dbc                enable_traps
                0x02012e20                install_trap_handler
                0x02012dd0                install_int_handler
 .text          0x020133c8       0x34 /usr/local/openravenscar/lib/gcc-lib/sparc-ork-elf/2.8.1/adalib/libgnarl.a(int_level.o)
                0x020133c8                disable_interrupts
                0x020133e0                enable_interrupts
 .text          0x020133fc     0x25c0 /usr/local/openravenscar/lib/gcc-lib/sparc-ork-elf/2.8.1/adalib/libgnat.a(a-except.o)
                0x02014c64                ada__exceptions__sdp_table_sort_move
                0x02014dc4                ada__exceptions__string_to_eid
                0x02014480                __gnat_raise_nodefer_with_msg
                0x0201362c                ada__exceptions__current_target_exception
                0x020145f8                ada__exceptions__raise_from_signal_handler
                0x0201347c                ada__exceptions__address_image
                0x0201487c                ada__exceptions__save_occurrence
                0x02015460                __gnat_notify_exception
                0x02014140                ada__exceptions__propagate_exception
                0x02013fb4                ada__exceptions__exception_name_simple
                0x020147d0                __gnat_reraise
                0x02014560                __gnat_raise_exception
                0x020133fc                ada__exceptions___elabs
                0x02013584                __gnat_break_start
                0x02013570                ada__exceptions__allocate_machine_state
                0x02013650                ada__exceptions__deallocate_machine_state
                0x02013904                ada__exceptions__exception_information
                0x02014730                __gnat_raise_storage_error
                0x020136c0                ada__exceptions__eo_to_string
                0x02014bc8                ada__exceptions__sdp_table_sort_lt
                0x020158d4                ada__exceptions__raise_exception_no_defer
                0x02013ec0                ada__exceptions__exception_name__2
                0x0201597c                ada__exceptions__zzz
                0x0201346c                ada__exceptions__poll
                0x02014750                ada__exceptions__raise_with_c_msg
                0x020154f4                ada__exceptions__unhandled_exception_terminate
                0x02013664                ada__exceptions__eid_to_string
                0x02014910                ada__exceptions__save_occurrence__2
                0x020146bc                ada__exceptions__raise_with_location
                0x02014694                ada__exceptions__raise_no_msg
                0x02013dfc                ada__exceptions__exception_message
                0x02014c94                ada__exceptions__set_exception_c_msg
                0x02014eec                ada__exceptions__string_to_eo
                0x020146f0                __gnat_raise_constraint_error
                0x02014808                ada__exceptions__reraise_occurrence
                0x02015984                ada__exceptions___elabb
                0x020159ac                ada__exceptions___init_proc
                0x02013f84                ada__exceptions__exception_name
                0x02013474                ada__exceptions__aaa
                0x02014850                ada__exceptions__reraise_occurrence_no_defer
                0x02013720                ada__exceptions__exception_identity
                0x0201493c                __gnat_SDP_Table_Build
                0x02015458                __gnat_unhandled_exception
                0x0201358c                ada__exceptions__call_chain
                0x02014784                __gnat_raise_with_msg
                0x02014710                __gnat_raise_program_error
 .text          0x020159bc      0x2ec /usr/local/openravenscar/lib/gcc-lib/sparc-ork-elf/2.8.1/adalib/libgnat.a(a-filico.o)
                0x02015a08                ada__finalization__list_controller___deep_finalize__2
                0x02015c74                ada__finalization__list_controller___init_proc__2
                0x02015c38                ada__finalization__list_controller__finalize
                0x020159f8                ada__finalization__list_controller___size__2
                0x02015c50                ada__finalization__list_controller___init_proc
                0x02015c04                ada__finalization__list_controller__finalize__2
                0x02015a34                ada__finalization__list_controller___elabs
                0x020159bc                ada__finalization__list_controller___size
                0x02015bec                ada__finalization__list_controller__initialize__2
                0x020159cc                ada__finalization__list_controller___deep_finalize
 .text          0x02015ca8      0x560 /usr/local/openravenscar/lib/gcc-lib/sparc-ork-elf/2.8.1/adalib/libgnat.a(a-finali.o)
                0x02015f08                ada__finalization___size__4
                0x02016188                ada__finalization__initialize
                0x020161a0                ada__finalization__Oeq__2
                0x020161c8                ada__finalization___init_proc
                0x02015cd0                ada__finalization___write__3
                0x020161c0                ada__finalization__finalize__2
                0x02015ca8                ada__finalization___size__3
                0x02015cb8                ada__finalization___read__3
                0x02016190                ada__finalization__adjust
                0x020161e8                ada__finalization___init_proc__2
                0x02015f44                ada__finalization___elabs
                0x02016198                ada__finalization__finalize
                0x02015eb4                ada__finalization___deep_adjust
                0x020161b8                ada__finalization__initialize__2
                0x02015ce8                ada__finalization___assign__3
                0x02015edc                ada__finalization___deep_finalize
                0x02015f18                ada__finalization___deep_finalize__2
 .text          0x02016208       0x6c /usr/local/openravenscar/lib/gcc-lib/sparc-ork-elf/2.8.1/adalib/libgnat.a(a-ioexce.o)
                0x02016208                ada__io_exceptions___elabs
 .text          0x02016274     0x1e98 /usr/local/openravenscar/lib/gcc-lib/sparc-ork-elf/2.8.1/adalib/libgnat.a(a-nuelfu.o)
                0x02017d30                ada__numerics__elementary_functions__sinh
                0x02016bb8                ada__numerics__elementary_functions__arcsin
                0x020169a0                ada__numerics__elementary_functions__arccosh
                0x02016de4                ada__numerics__elementary_functions__arcsinh
                0x02016274                ada__numerics__elementary_functions__Oexpon
                0x02016ab4                ada__numerics__elementary_functions__arccoth
                0x02016a98                ada__numerics__elementary_functions__arccot__2
                0x02016c8c                ada__numerics__elementary_functions__arcsin__2
                0x02017014                ada__numerics__elementary_functions__arctan__2
                0x02016834                ada__numerics__elementary_functions__arccos__2
                0x02017314                ada__numerics__elementary_functions__cos
                0x02017e3c                ada__numerics__elementary_functions__sqrt
                0x02017f48                ada__numerics__elementary_functions__tan__2
                0x02017c34                ada__numerics__elementary_functions__sin__2
                0x02017ac4                ada__numerics__elementary_functions__log__2
                0x02017518                ada__numerics__elementary_functions__cot__2
                0x02018078                ada__numerics__elementary_functions__tanh
                0x02017680                ada__numerics__elementary_functions__coth
                0x02017a08                ada__numerics__elementary_functions__log
                0x020173c4                ada__numerics__elementary_functions__cosh
                0x02016a80                ada__numerics__elementary_functions__arccot
                0x02016f04                ada__numerics__elementary_functions__arctan
                0x02017bec                ada__numerics__elementary_functions__sin
                0x02016734                ada__numerics__elementary_functions__arccos
                0x02017380                ada__numerics__elementary_functions__cos__2
                0x02017ec0                ada__numerics__elementary_functions__tan
                0x02017774                ada__numerics__elementary_functions__exp
                0x02017470                ada__numerics__elementary_functions__cot
                0x02017188                ada__numerics__elementary_functions__arctanh
 .text          0x0201810c       0x18 /usr/local/openravenscar/lib/gcc-lib/sparc-ork-elf/2.8.1/adalib/libgnat.a(a-numeri.o)
                0x0201810c                ada__numerics___elabs
 .text          0x02018124       0xc0 /usr/local/openravenscar/lib/gcc-lib/sparc-ork-elf/2.8.1/adalib/libgnat.a(a-stream.o)
                0x0201813c                ada__streams___elabs
                0x02018134                ada__streams___deep_finalize
                0x02018124                ada__streams___size
                0x020181d4                ada__streams___init_proc
 .text          0x020181e4      0x934 /usr/local/openravenscar/lib/gcc-lib/sparc-ork-elf/2.8.1/adalib/libgnat.a(a-tags.o)
                0x0201884c                ada__tags__length
                0x02018ab8                ada__tags___init_proc
                0x02018358                ada__tags__external_tag_htable__removeXn
                0x02018970                ada__tags__get_rc_offset
                0x02018a8c                ada__tags__set_remotely_callable
                0x02018a54                ada__tags__set_prim_op_address
                0x02018a34                ada__tags__register_tag
                0x020189d4                ada__tags__inherit_tsd
                0x020181e4                ada__tags___elabs
                0x0201894c                ada__tags__get_expanded_name
                0x02018a68                ada__tags__set_expanded_name
                0x0201897c                ada__tags__get_remotely_callable
                0x02018574                ada__tags__expanded_name
                0x020181fc                ada__tags__external_tag_htable__getXn
                0x02018964                ada__tags__get_inheritance_depth
                0x02018994                ada__tags__get_tsd
                0x02018450                ada__tags__external_tag_htable__setXn
                0x0201890c                ada__tags__cw_membership
                0x0201899c                ada__tags__inherit_dt
                0x020182a4                ada__tags__external_tag_htable__get_nextXn
                0x0201867c                ada__tags__get_external_tag
                0x020186a0                ada__tags__internal_tag
                0x02018ac0                ada__tags___init_proc__2
                0x020188a8                ada__tags___elabb
                0x02018a60                ada__tags__set_tsd
                0x02018a74                ada__tags__set_external_tag
                0x020184c4                ada__tags__get_ht_link
                0x02018880                ada__tags__parent_size
                0x0201848c                ada__tags__equal
                0x02018270                ada__tags__external_tag_htable__get_firstXn
                0x02018a48                ada__tags__set_inheritance_depth
                0x020185f8                ada__tags__external_tag
                0x020182e0                ada__tags__external_tag_htable__get_non_nullXn
                0x02018958                ada__tags__get_prim_op_address
                0x02018a80                ada__tags__set_rc_offset
                0x02018530                ada__tags__hash
                0x02018410                ada__tags__external_tag_htable__resetXn
                0x02018568                ada__tags__set_ht_link
                0x02018acc                ada__tags__external_tag_htable___init_procXn
 .text          0x02018b18      0x25c /usr/local/openravenscar/lib/gcc-lib/sparc-ork-elf/2.8.1/adalib/libgnat.a(g-except.o)
                0x02018c64                gnat__exceptions___deep_finalize
                0x02018b30                gnat__exceptions___write
                0x02018b6c                gnat__exceptions___output
                0x02018b8c                gnat__exceptions___assign
                0x02018b38                gnat__exceptions___input
                0x02018c6c                gnat__exceptions___elabs
                0x02018b28                gnat__exceptions___read
                0x02018b18                gnat__exceptions___size
                0x02018d64                gnat__exceptions___init_proc
                0x02018b84                gnat__exceptions__Oeq
                0x02018c5c                gnat__exceptions___deep_adjust
 .text          0x02018d74      0x174 /usr/local/openravenscar/lib/gcc-lib/sparc-ork-elf/2.8.1/adalib/libgnat.a(g-hesora.o)
                0x02018e44                gnat__heap_sort_a__sort
 .text          0x02018ee8      0xc6c /usr/local/openravenscar/lib/gcc-lib/sparc-ork-elf/2.8.1/adalib/libgnat.a(i-c.o)
                0x020197f8                interfaces__c__to_c__4
                0x02019338                interfaces__c__to_ada__6
                0x02018f4c                interfaces__c__is_nul_terminated__2
                0x02018f9c                interfaces__c__to_ada
                0x02018fa4                interfaces__c__to_ada__2
                0x02019460                interfaces__c__to_c
                0x02018f00                interfaces__c__is_nul_terminated
                0x020199ac                interfaces__c__to_c__6
                0x020190d8                interfaces__c__to_ada__3
                0x02018ee8                interfaces__c___elabs
                0x02019660                interfaces__c__to_c__3
                0x020191f8                interfaces__c__to_ada__5
                0x02019800                interfaces__c__to_c__5
                0x02019468                interfaces__c__to_c__2
                0x020191f0                interfaces__c__to_ada__4
 .text          0x02019b54     0x13b4 /usr/local/openravenscar/lib/gcc-lib/sparc-ork-elf/2.8.1/adalib/libgnat.a(s-arit64.o)
                0x02019c90                system__arith_64__hi
                0x0201a238                system__arith_64__scaled_divide
                0x0201a208                system__arith_64__raise_error
                0x02019c08                system__arith_64__Odivide
                0x02019b7c                system__arith_64__Oadd__2
                0x0201ae34                system__arith_64__subtract_with_ovflo_check
                0x02019bac                system__arith_64__Omultiply
                0x02019ca0                system__arith_64__lo
                0x02019bdc                system__arith_64__Omultiply__2
                0x02019d14                system__arith_64__double_divide
                0x0201a004                system__arith_64__multiply_with_ovflo_check
                0x0201aee8                system__arith_64__to_pos_int
                0x02019b54                system__arith_64__Oadd
                0x02019c60                system__arith_64__Oconcat
                0x0201aeb0                system__arith_64__to_neg_int
                0x02019c34                system__arith_64__Orem
                0x02019ca8                system__arith_64__add_with_ovflo_check
                0x02019b94                system__arith_64__Osubtract
 .text          0x0201af08      0x16c /usr/local/openravenscar/lib/gcc-lib/sparc-ork-elf/2.8.1/adalib/libgnat.a(s-except.o)
                0x0201af2c                system__exceptions___init_proc
                0x0201af08                system__exceptions___elabs
                0x0201afd4                system__exceptions___init_proc__4
                0x0201af74                system__exceptions___init_proc__3
                0x0201b014                system__exceptions___init_proc__5
                0x0201af34                system__exceptions___init_proc__2
 .text          0x0201b074      0x54c /usr/local/openravenscar/lib/gcc-lib/sparc-ork-elf/2.8.1/adalib/libgnat.a(s-exctab.o)
                0x0201b388                system__exception_table__get_key
                0x0201b11c                system__exception_table__exception_htable__get_nextXn
                0x0201b350                system__exception_table__equal
                0x0201b2c8                system__exception_table__exception_htable__setXn
                0x0201b574                system__exception_table__exception_htable___init_procXn
                0x0201b074                system__exception_table__exception_htable__getXn
                0x0201b30c                system__exception_table__get_ht_link
                0x0201b288                system__exception_table__exception_htable__resetXn
                0x0201b304                system__exception_table__set_ht_link
                0x0201b390                system__exception_table__internal_exception
                0x0201b158                system__exception_table__exception_htable__get_non_nullXn
                0x0201b314                system__exception_table__hash
                0x0201b0e8                system__exception_table__exception_htable__get_firstXn
                0x0201b4c4                system__exception_table___elabb
                0x0201b4b0                system__exception_table__register_exception
                0x0201b1d0                system__exception_table__exception_htable__removeXn
 .text          0x0201b5c0      0x1c4 /usr/local/openravenscar/lib/gcc-lib/sparc-ork-elf/2.8.1/adalib/libgnat.a(s-exnflt.o)
                0x0201b5c0                system__exn_flt__exn_float
 .text          0x0201b784      0xb2c /usr/local/openravenscar/lib/gcc-lib/sparc-ork-elf/2.8.1/adalib/libgnat.a(s-fatflt.o)
                0x0201c138                system__fat_flt__fat_float__truncation
                0x0201b8c8                system__fat_flt__fat_float__decompose
                0x0201bc5c                system__fat_flt__fat_float__model
                0x0201bb64                system__fat_flt__fat_float__floor
                0x0201bc70                system__fat_flt__fat_float__pred
                0x0201bf38                system__fat_flt__fat_float__scaling
                0x0201bbec                system__fat_flt__fat_float__leading_part
                0x0201c1e8                system__fat_flt__fat_float__unbiased_rounding
                0x0201b7dc                system__fat_flt__fat_float__ceiling
                0x0201b83c                system__fat_flt__fat_float__compose
                0x0201bb3c                system__fat_flt__fat_float__exponent
                0x0201bbc4                system__fat_flt__fat_float__fraction
                0x0201bab4                system__fat_flt__fat_float__gradual_scaling
                0x0201bd28                system__fat_flt__fat_float__remainder
                0x0201beb0                system__fat_flt__fat_float__rounding
                0x0201b784                system__fat_flt__fat_float__adjacent
                0x0201c050                system__fat_flt__fat_float__succ
                0x0201c290                system__fat_flt__fat_float__valid
                0x0201b86c                system__fat_flt__fat_float__copy_sign
                0x0201bc48                system__fat_flt__fat_float__machine
 .text          0x0201c2b0     0x13dc /usr/local/openravenscar/lib/gcc-lib/sparc-ork-elf/2.8.1/adalib/libgnat.a(s-finimp.o)
                0x0201d4d0                system__finalization_implementation__deep_tag_attach
                0x0201c4dc                system__finalization_implementation___read__2
                0x0201cb30                system__finalization_implementation__detach_from_final_list
                0x0201c374                system__finalization_implementation___output
                0x0201cf8c                system__finalization_implementation__finalize_list
                0x0201c5a8                system__finalization_implementation__Oeq__2
                0x0201d65c                system__finalization_implementation___init_proc__2
                0x0201c3d4                system__finalization_implementation___assign
                0x0201d588                system__finalization_implementation__initialize__2
                0x0201c994                system__finalization_implementation__attach_to_final_list
                0x0201d334                system__finalization_implementation__deep_tag_adjust
                0x0201c5f0                system__finalization_implementation___assign__2
                0x0201c38c                system__finalization_implementation__Oeq
                0x0201c31c                system__finalization_implementation___input
                0x0201c2f8                system__finalization_implementation___write
                0x0201d244                system__finalization_implementation__deep_tag_initialize
                0x0201d580                system__finalization_implementation__initialize
                0x0201d638                system__finalization_implementation___init_proc
                0x0201c500                system__finalization_implementation___write__2
                0x0201c6f0                system__finalization_implementation___elabs
                0x0201c590                system__finalization_implementation___output__2
                0x0201c524                system__finalization_implementation___input__2
                0x0201c2c0                system__finalization_implementation___read
                0x0201d0f8                system__finalization_implementation__finalize_one
                0x0201d400                system__finalization_implementation__deep_tag_finalize
                0x0201d0d0                system__finalization_implementation__finalize_global_list
                0x0201d624                system__finalization_implementation__finalize
                0x0201c4cc                system__finalization_implementation___size__2
                0x0201d5f0                system__finalization_implementation__adjust__2
                0x0201c2b0                system__finalization_implementation___size
 .text          0x0201d68c      0x658 /usr/local/openravenscar/lib/gcc-lib/sparc-ork-elf/2.8.1/adalib/libgnat.a(s-finroo.o)
                0x0201d68c                system__finalization_root___size
                0x0201dcc0                system__finalization_root___init_proc__2
                0x0201d69c                system__finalization_root___read
                0x0201d9d4                system__finalization_root___elabs
                0x0201d88c                system__finalization_root__Oeq__2
                0x0201d81c                system__finalization_root___input__2
                0x0201d6a4                system__finalization_root___write
                0x0201d6b4                system__finalization_root___assign
                0x0201dc80                system__finalization_root__finalize
                0x0201d874                system__finalization_root___output__2
                0x0201dc20                system__finalization_root__initialize
                0x0201d6ac                system__finalization_root__Oeq
                0x0201d794                system__finalization_root___read__2
                0x0201d7ec                system__finalization_root___write__2
                0x0201d784                system__finalization_root___size__2
                0x0201dc50                system__finalization_root__adjust
                0x0201d8e4                system__finalization_root___assign__2
                0x0201dcb0                system__finalization_root___init_proc
 .text          0x0201dce4      0x1b4 /usr/local/openravenscar/lib/gcc-lib/sparc-ork-elf/2.8.1/adalib/libgnat.a(s-imgint.o)
                0x0201de20                system__img_int__set_image_integer
                0x0201dce4                system__img_int__image_integer
 .text          0x0201de98      0xbc8 /usr/local/openravenscar/lib/gcc-lib/sparc-ork-elf/2.8.1/adalib/libgnat.a(s-imgrea.o)
                0x0201de98                system__img_real__image_ordinary_fixed_point
                0x0201e584                system__img_real__set_image_real
                0x0201df6c                system__img_real__image_floating_point
 .text          0x0201ea60      0x160 /usr/local/openravenscar/lib/gcc-lib/sparc-ork-elf/2.8.1/adalib/libgnat.a(s-imguns.o)
                0x0201ea60                system__img_uns__image_unsigned
                0x0201eb80                system__img_uns__set_image_unsigned
 .text          0x0201ebc0       0x40 /usr/local/openravenscar/lib/gcc-lib/sparc-ork-elf/2.8.1/adalib/libgnat.a(s-mastop.o)
                0x0201ebd8                system__machine_state_operations__get_code_loc
                0x0201ebc0                system__machine_state_operations__allocate_machine_state
                0x0201ebf8                system__machine_state_operations__set_signal_machine_state
                0x0201ebd0                system__machine_state_operations__free_machine_state
                0x0201ebe0                system__machine_state_operations__machine_state_length
                0x0201ebc8                system__machine_state_operations__enter_handler
                0x0201ebf0                system__machine_state_operations__set_machine_state
                0x0201ebe8                system__machine_state_operations__pop_frame
 .text          0x0201ec00       0x50 /usr/local/openravenscar/lib/gcc-lib/sparc-ork-elf/2.8.1/adalib/libgnat.a(s-parame.o)
                0x0201ec08                system__parameters__minimum_stack_size
                0x0201ec10                system__parameters__adjust_storage_size
                0x0201ec00                system__parameters__default_stack_size
 .text          0x0201ec50      0x314 /usr/local/openravenscar/lib/gcc-lib/sparc-ork-elf/2.8.1/adalib/libgnat.a(s-secsta.o)
                0x0201ef5c                system__secondary_stack___init_proc__2
                0x0201ef00                system__secondary_stack___elabb
                0x0201ec50                system__secondary_stack__ss_allocate
                0x0201ee44                system__secondary_stack__ss_free
                0x0201eee0                system__secondary_stack__ss_release
                0x0201eec0                system__secondary_stack__ss_mark
                0x0201ef48                system__secondary_stack___init_proc
                0x0201ede0                system__secondary_stack__ss_init
 .text          0x0201ef64      0x1fc /usr/local/openravenscar/lib/gcc-lib/sparc-ork-elf/2.8.1/adalib/libgnat.a(s-sopco3.o)
                0x0201ef64                system__string_ops_concat_3__str_concat_3
 .text          0x0201f160      0x1e4 /usr/local/openravenscar/lib/gcc-lib/sparc-ork-elf/2.8.1/adalib/libgnat.a(s-stache.o)
                0x0201f160                system__stack_checking___elabs
                0x0201f178                _gnat_stack_check
                0x0201f2fc                system__stack_checking__set_stack_size
                0x0201f334                system__stack_checking___init_proc
                0x0201f204                system__stack_checking__invalidate_stack_cache
                0x0201f324                system__stack_checking__update_stack_cache
 .text          0x0201f344       0x28 /usr/local/openravenscar/lib/gcc-lib/sparc-ork-elf/2.8.1/adalib/libgnat.a(s-stalib.o)
                0x0201f344                system__standard_library__abort_undefer_direct
                0x0201f360                system__standard_library___init_proc
 .text          0x0201f36c       0x64 /usr/local/openravenscar/lib/gcc-lib/sparc-ork-elf/2.8.1/adalib/libgnat.a(s-stoele.o)
                0x0201f38c                system__storage_elements__Omod
                0x0201f3c0                system__storage_elements__to_address
                0x0201f374                system__storage_elements__Oadd__2
                0x0201f37c                system__storage_elements__Osubtract
                0x0201f36c                system__storage_elements__Oadd
                0x0201f3c8                system__storage_elements__to_integer
                0x0201f384                system__storage_elements__Osubtract__2
 .text          0x0201f3d0     0x102c /usr/local/openravenscar/lib/gcc-lib/sparc-ork-elf/2.8.1/adalib/libgnat.a(s-stratt.o)
                0x0201fae8                system__stream_attributes__i_si
                0x0201fda0                system__stream_attributes__w_ad
                0x0201f4d8                system__stream_attributes__i_b
                0x0201fe94                system__stream_attributes__w_c
                0x0201f6b0                system__stream_attributes__i_lf
                0x0201fa60                system__stream_attributes__i_sf
                0x0202031c                system__stream_attributes__w_su
                0x0201f53c                system__stream_attributes__i_c
                0x0201f7e0                system__stream_attributes__i_llf
                0x0201fc28                system__stream_attributes__i_su
                0x0201f930                system__stream_attributes__i_llu
                0x02020218                system__stream_attributes__w_sf
                0x0201fca0                system__stream_attributes__i_u
                0x020203b8                system__stream_attributes__w_wc
                0x0201f3d0                system__stream_attributes__i_ad
                0x02020360                system__stream_attributes__w_u
                0x020201c0                system__stream_attributes__w_lu
                0x0201fe60                system__stream_attributes__w_b
                0x020200c8                system__stream_attributes__w_lli
                0x0201fbc4                system__stream_attributes__i_ssu
                0x0201f758                system__stream_attributes__i_li
                0x020202b4                system__stream_attributes__w_ssi
                0x02020270                system__stream_attributes__w_si
                0x0201ff78                system__stream_attributes__w_lf
                0x0201fb60                system__stream_attributes__i_ssi
                0x0201f5a0                system__stream_attributes__i_f
                0x0201fff4                system__stream_attributes__w_li
                0x0201fe10                system__stream_attributes__w_as
                0x0201ff20                system__stream_attributes__w_i
                0x0201f628                system__stream_attributes__i_i
                0x0201f888                system__stream_attributes__i_lli
                0x0201fd28                system__stream_attributes__i_wc
                0x0202004c                system__stream_attributes__w_llf
                0x020202e8                system__stream_attributes__w_ssu
                0x0201f448                system__stream_attributes__i_as
                0x0201fec8                system__stream_attributes__w_f
                0x02020144                system__stream_attributes__w_llu
                0x0201f9d8                system__stream_attributes__i_lu
 .text          0x020203fc      0x5b8 /usr/local/openravenscar/lib/gcc-lib/sparc-ork-elf/2.8.1/adalib/libgnat.a(s-strops.o)
                0x02020820                system__string_ops__str_equal
                0x020206f8                system__string_ops__str_concat_sc
                0x02020930                system__string_ops__str_normalize
                0x020203fc                system__string_ops__str_concat
                0x0202061c                system__string_ops__str_concat_cs
                0x02020970                system__string_ops__wide_str_normalize
                0x020205bc                system__string_ops__str_concat_cc
 .text          0x020209b4      0x298 /usr/local/openravenscar/lib/gcc-lib/sparc-ork-elf/2.8.1/adalib/libgnat.a(s-soflin.o)
                0x02020b18                system__soft_links__set_jmpbuf_address_soft
                0x02020a84                system__soft_links__get_stack_info_nt
                0x02020be0                system__soft_links___elabb
                0x02020a78                system__soft_links__get_current_excep_nt
                0x02020b88                system__soft_links__set_exc_stack_addr_soft
                0x020209b4                system__soft_links__abort_defer_nt
                0x020209e8                system__soft_links__check_abort_status_nt
                0x02020a30                system__soft_links__get_sec_stack_addr_nt
                0x02020a24                system__soft_links__set_jmpbuf_address_nt
                0x02020a08                system__soft_links__task_lock_nt
                0x02020bc4                system__soft_links__set_machine_state_addr_soft
                0x020209f8                system__soft_links__current_master_nt
                0x020209bc                system__soft_links__abort_handler_nt
                0x02020ab4                system__soft_links__destroy_tsd
                0x02020b6c                system__soft_links__get_exc_stack_addr_soft
                0x02020a18                system__soft_links__get_jmpbuf_address_nt
                0x020209c4                system__soft_links__abort_undefer_nt
                0x02020a90                system__soft_links__create_tsd
                0x02020a54                system__soft_links__set_machine_state_addr_nt
                0x02020a3c                system__soft_links__set_sec_stack_addr_nt
                0x020209cc                system__soft_links__update_exception_nt
                0x02020a6c                system__soft_links__set_exc_stack_addr_nt
                0x02020c20                system__soft_links___init_proc
                0x02020afc                system__soft_links__get_jmpbuf_address_soft
                0x02020a00                system__soft_links__enter_master_nt
                0x02020ba8                system__soft_links__get_machine_state_addr_soft
                0x02020b50                system__soft_links__set_sec_stack_addr_soft
                0x02020a10                system__soft_links__task_unlock_nt
                0x02020ad8                system__soft_links__get_gnat_exception
                0x02020b34                system__soft_links__get_sec_stack_addr_soft
                0x020209f0                system__soft_links__complete_master_nt
                0x02020a48                system__soft_links__get_machine_state_addr_nt
                0x02020a60                system__soft_links__get_exc_stack_addr_nt
 .text          0x02020c4c       0x68 /usr/local/openravenscar/lib/gcc-lib/sparc-ork-elf/2.8.1/adalib/libgnat.a(s-traceb.o)
                0x02020c60                system__traceback__get_code_loc
                0x02020c88                system__traceback__pop_frame
                0x02020c74                system__traceback__free_machine_state
                0x02020c4c                system__traceback__allocate_machine_state
                0x02020ca0                system__traceback__set_machine_state
 .text          0x02020cb4       0xfc /usr/local/openravenscar/lib/gcc-lib/sparc-ork-elf/2.8.1/adalib/libgnat.a(a-argv.o)
                0x02020d7c                fill_env
                0x02020d20                env_count
                0x02020d5c                len_env
                0x02020cb4                arg_count
                0x02020cc0                gnat_argval
                0x02020cec                fill_arg
                0x02020ccc                len_arg
 .text          0x02020db0      0x14c /usr/local/openravenscar/lib/gcc-lib/sparc-ork-elf/2.8.1/adalib/libgnat.a(a-cio.o)
                0x02020dd0                put_int
                0x02020dec                get_char
                0x02020db0                get_int
                0x02020edc                put_char_stderr
                0x02020e3c                put_char
 .text          0x02020efc        0xc /usr/local/openravenscar/lib/gcc-lib/sparc-ork-elf/2.8.1/adalib/libgnat.a(a-exit.o)
                0x02020efc                set_gnat_exit_status
 .text          0x02020f08      0x1f4 /usr/local/openravenscar/lib/gcc-lib/sparc-ork-elf/2.8.1/adalib/libgnat.a(a-raise.o)
                0x02020f08                _gnat_builtin_longjmp
                0x02020f60                __gnat_malloc
                0x02021018                __gnat_free
                0x02020f48                __gnat_unhandled_terminate
                0x02021054                __gnat_realloc
 .text          0x020210fc      0x410 /usr/local/openravenscar/lib/gcc-lib/sparc-ork-elf/2.8.1/adalib/libgnat.a(a-init.o)
                0x020212f0                __gnat_pop_frame
                0x02021504                __gnat_init_float
                0x020210fc                __gnat_set_globals
                0x020214fc                __gnat_get_code_loc
                0x02021154                __gnat_initialize
                0x02021440                __gnat_enter_handler
                0x020214f4                __gnat_machine_state_length
                0x02021394                __gnat_set_machine_state
 .text          0x0202150c        0x8 /usr/local/openravenscar/lib/gcc-lib/sparc-ork-elf/2.8.1/adalib/libgnat.a(a-final.o)
                0x0202150c                __gnat_finalize
 .text          0x02021514      0xc1c /usr/local/openravenscar/lib/gcc-lib/sparc-ork-elf/2.8.1/adalib/libgnat.a(s-fatllf.o)
                0x02021618                system__fat_llf__fat_long_long_float__copy_sign
                0x02021888                system__fat_llf__fat_long_long_float__gradual_scaling
                0x0202205c                system__fat_llf__fat_long_long_float__unbiased_rounding
                0x02021920                system__fat_llf__fat_long_long_float__exponent
                0x020215e4                system__fat_llf__fat_long_long_float__compose
                0x0202194c                system__fat_llf__fat_long_long_float__floor
                0x02021514                system__fat_llf__fat_long_long_float__adjacent
                0x02021a78                system__fat_llf__fat_long_long_float__pred
                0x020219b8                system__fat_llf__fat_long_long_float__fraction
                0x02021b38                system__fat_llf__fat_long_long_float__remainder
                0x02021d80                system__fat_llf__fat_long_long_float__scaling
                0x02021578                system__fat_llf__fat_long_long_float__ceiling
                0x0202167c                system__fat_llf__fat_long_long_float__decompose
                0x02021ea8                system__fat_llf__fat_long_long_float__succ
                0x020219e4                system__fat_llf__fat_long_long_float__leading_part
                0x02021ce8                system__fat_llf__fat_long_long_float__rounding
                0x02021a60                system__fat_llf__fat_long_long_float__model
                0x02022108                system__fat_llf__fat_long_long_float__valid
                0x02021f98                system__fat_llf__fat_long_long_float__truncation
                0x02021a4c                system__fat_llf__fat_long_long_float__machine
 .text          0x02022130      0x18c /usr/local/openravenscar/lib/gcc-lib/sparc-ork-elf/2.8.1/adalib/libgnat.a(s-imgllu.o)
                0x02022130                system__img_llu__image_long_long_unsigned
                0x02022278                system__img_llu__set_image_long_long_unsigned
 .text          0x020222bc      0x894 /usr/local/openravenscar/lib/gcc-lib/sparc-ork-elf/2.8.1/adalib/libgnat.a(a-adaint.o)
                0x0202244c                get_object_suffix_ptr
                0x020223f8                Get_Default_Identifier_Character_Set
                0x020223e0                Get_Maximum_File_Name_Length
                0x020223f0                Get_File_Names_Case_Sensitive
                0x02022668                file_time_name
                0x02022408                Get_Pathsep_Char
                0x020224e8                open_read
                0x02022400                Get_Dirsep_Char
                0x02022700                is_regular_file
                0x020223e8                Get_Switch_Character
                0x020228b4                locate_regular_file
                0x02022b04                to_canonical_file_list_next
                0x02022b30                to_host_dir_spec
                0x020226e0                __gnat_file_exists
                0x020225d4                __gnat_mkdir
                0x02022b28                to_canonical_path_spec
                0x02022780                is_writable_file
                0x020225ac                open_new_temp
                0x020227b4                portable_spawn
                0x02022b18                to_canonical_dir_spec
                0x020226a0                get_env_value_ptr
                0x02022684                file_time_fd
                0x02022660                readdir_is_thread_safe
                0x02022584                open_new
                0x020222bc                to_gm_time
                0x02022330                Try_Lock
                0x02022b20                to_canonical_file_spec
                0x02022870                portable_wait
                0x02022afc                to_canonical_file_list_init
                0x02022b48                convert_addresses
                0x02022480                get_executable_suffix_ptr
                0x02022740                is_directory
                0x0202255c                open_append
                0x02022534                open_create
                0x0202250c                open_rw
                0x020225ec                file_length
                0x0202262c                readdir_gnat
                0x02022b40                adjust_os_resource_limits
                0x02022a40                locate_exec
                0x02022830                portable_no_block_spawn
                0x020228a0                os_exit
                0x020226d4                Get_Libraries_From_Registry
                0x02022b10                to_canonical_file_list_free
                0x02022410                Get_Current_Dir
                0x02022b38                to_host_file_spec
                0x02022ab4                locate_exec_on_path
                0x020224b4                get_debuggable_suffix_ptr
 .text          0x02022b50      0x294 /usr/local/openravenscar/sparc-ork-elf/lib/libm.a(s_atan.o)
                0x02022b50                atan
 .text          0x02022de4       0xf0 /usr/local/openravenscar/sparc-ork-elf/lib/libm.a(s_cos.o)
                0x02022de4                cos
 .text          0x02022ed4       0x2c /usr/local/openravenscar/sparc-ork-elf/lib/libm.a(s_fabs.o)
                0x02022ed4                fabs
 .text          0x02022f00       0xf0 /usr/local/openravenscar/sparc-ork-elf/lib/libm.a(s_sin.o)
                0x02022f00                sin
 .text          0x02022ff0       0x9c /usr/local/openravenscar/sparc-ork-elf/lib/libm.a(s_tan.o)
                0x02022ff0                tan
 .text          0x0202308c      0x134 /usr/local/openravenscar/sparc-ork-elf/lib/libm.a(s_tanh.o)
                0x0202308c                tanh
 .text          0x020231c0       0xf8 /usr/local/openravenscar/sparc-ork-elf/lib/libm.a(w_acos.o)
                0x020231c0                acos
 .text          0x020232b8       0xf8 /usr/local/openravenscar/sparc-ork-elf/lib/libm.a(w_asin.o)
                0x020232b8                asin
 .text          0x020233b0      0x1c0 /usr/local/openravenscar/sparc-ork-elf/lib/libm.a(w_exp.o)
                0x020233b0                exp
 .text          0x02023570      0x184 /usr/local/openravenscar/sparc-ork-elf/lib/libm.a(w_log.o)
                0x02023570                log
 .text          0x020236f4      0x60c /usr/local/openravenscar/sparc-ork-elf/lib/libm.a(w_pow.o)
                0x020236f4                pow
 .text          0x02023d00      0x118 /usr/local/openravenscar/sparc-ork-elf/lib/libm.a(w_sqrt.o)
                0x02023d00                sqrt
 .text          0x02023e18      0x3ac /usr/local/openravenscar/sparc-ork-elf/lib/libm.a(e_acos.o)
                0x02023e18                __ieee754_acos
 .text          0x020241c4      0x340 /usr/local/openravenscar/sparc-ork-elf/lib/libm.a(e_asin.o)
                0x020241c4                __ieee754_asin
 .text          0x02024504      0x2f0 /usr/local/openravenscar/sparc-ork-elf/lib/libm.a(e_exp.o)
                0x02024504                __ieee754_exp
 .text          0x020247f4      0x310 /usr/local/openravenscar/sparc-ork-elf/lib/libm.a(e_log.o)
                0x020247f4                __ieee754_log
 .text          0x02024b04      0x99c /usr/local/openravenscar/sparc-ork-elf/lib/libm.a(e_pow.o)
                0x02024b04                __ieee754_pow
 .text          0x020254a0      0x3d8 /usr/local/openravenscar/sparc-ork-elf/lib/libm.a(e_rem_pio2.o)
                0x020254a0                __ieee754_rem_pio2
 .text          0x02025878      0x264 /usr/local/openravenscar/sparc-ork-elf/lib/libm.a(e_sqrt.o)
                0x02025878                __ieee754_sqrt
 .text          0x02025adc      0x17c /usr/local/openravenscar/sparc-ork-elf/lib/libm.a(k_cos.o)
                0x02025adc                __kernel_cos
 .text          0x02025c58      0x838 /usr/local/openravenscar/sparc-ork-elf/lib/libm.a(k_rem_pio2.o)
                0x02025c58                __kernel_rem_pio2
 .text          0x02026490      0x11c /usr/local/openravenscar/sparc-ork-elf/lib/libm.a(k_sin.o)
                0x02026490                __kernel_sin
 .text          0x020265ac      0x2b4 /usr/local/openravenscar/sparc-ork-elf/lib/libm.a(k_tan.o)
                0x020265ac                __kernel_tan
 .text          0x02026860      0x40c /usr/local/openravenscar/sparc-ork-elf/lib/libm.a(s_expm1.o)
                0x02026860                expm1
 .text          0x02026c6c       0x18 /usr/local/openravenscar/sparc-ork-elf/lib/libm.a(s_finite.o)
                0x02026c6c                finite
 .text          0x02026c84      0x1a0 /usr/local/openravenscar/sparc-ork-elf/lib/libm.a(s_floor.o)
                0x02026c84                floor
 .text          0x02026e24       0x28 /usr/local/openravenscar/sparc-ork-elf/lib/libm.a(s_isnan.o)
                0x02026e24                isnan
 .text          0x02026e4c        0x8 /usr/local/openravenscar/sparc-ork-elf/lib/libm.a(s_matherr.o)
                0x02026e4c                matherr
 .text          0x02026e54      0x1c8 /usr/local/openravenscar/sparc-ork-elf/lib/libm.a(s_rint.o)
                0x02026e54                rint
 .text          0x0202701c      0x1d8 /usr/local/openravenscar/sparc-ork-elf/lib/libm.a(s_scalbn.o)
                0x0202701c                scalbn
 .text          0x020271f4       0x40 /usr/local/openravenscar/sparc-ork-elf/lib/libm.a(s_copysign.o)
                0x020271f4                copysign
 .text          0x02027234        0x8 /usr/local/openravenscar/lib/gcc-lib/sparc-ork-elf/2.8.1/libgcc.a(__dummy.o)
                0x02027234                __dummy
 .text          0x0202723c       0x48 /usr/local/openravenscar/lib/gcc-lib/sparc-ork-elf/2.8.1/libgcc.a(_ashldi3.o)
                0x0202723c                __ashldi3
 .text          0x02027284       0x38 /usr/local/openravenscar/lib/gcc-lib/sparc-ork-elf/2.8.1/libgcc.a(_cmpdi2.o)
                0x02027284                __cmpdi2
 .text          0x020272bc      0x3c0 /usr/local/openravenscar/lib/gcc-lib/sparc-ork-elf/2.8.1/libgcc.a(_divdi3.o)
                0x020272bc                __divdi3
 .text          0x0202767c      0x1f4 /usr/local/openravenscar/lib/gcc-lib/sparc-ork-elf/2.8.1/libgcc.a(_divsi3.o)
                0x0202767c                udiv
                0x02027688                div
 .text          0x02027870       0x58 /usr/local/openravenscar/lib/gcc-lib/sparc-ork-elf/2.8.1/libgcc.a(_fixsfdi.o)
                0x02027870                __fixsfdi
 .text          0x020278c8      0x1c0 /usr/local/openravenscar/lib/gcc-lib/sparc-ork-elf/2.8.1/libgcc.a(_fixunsdfdi.o)
                0x020278c8                __fixunsdfdi
 .text          0x02027a88      0x1c8 /usr/local/openravenscar/lib/gcc-lib/sparc-ork-elf/2.8.1/libgcc.a(_fixunssfdi.o)
                0x02027a88                __fixunssfdi
 .text          0x02027c50       0x54 /usr/local/openravenscar/lib/gcc-lib/sparc-ork-elf/2.8.1/libgcc.a(_floatdidf.o)
                0x02027c50                __floatdidf
 .text          0x02027ca4       0xa8 /usr/local/openravenscar/lib/gcc-lib/sparc-ork-elf/2.8.1/libgcc.a(_floatdisf.o)
                0x02027ca4                __floatdisf
 .text          0x02027d4c       0x48 /usr/local/openravenscar/lib/gcc-lib/sparc-ork-elf/2.8.1/libgcc.a(_lshrdi3.o)
                0x02027d4c                __lshrdi3
 .text          0x02027d94      0x1f4 /usr/local/openravenscar/lib/gcc-lib/sparc-ork-elf/2.8.1/libgcc.a(_modsi3.o)
                0x02027d94                urem
                0x02027da0                rem
 .text          0x02027f88       0xe0 /usr/local/openravenscar/lib/gcc-lib/sparc-ork-elf/2.8.1/libgcc.a(_muldi3.o)
                0x02027f88                __muldi3
 .text          0x02028068       0xe8 /usr/local/openravenscar/lib/gcc-lib/sparc-ork-elf/2.8.1/libgcc.a(_mulsi3.o)
                0x02028068                umul
 .text          0x02028150      0x340 /usr/local/openravenscar/lib/gcc-lib/sparc-ork-elf/2.8.1/libgcc.a(_udivdi3.o)
                0x02028150                __udivdi3
 .text          0x02028490      0x39c /usr/local/openravenscar/lib/gcc-lib/sparc-ork-elf/2.8.1/libgcc.a(_umoddi3.o)
                0x02028490                __umoddi3
 .text          0x0202882c      0xa48 /usr/local/openravenscar/lib/gcc-lib/sparc-ork-elf/2.8.1/libgcc.a(frame.o)
                0x02029150                __frame_state_for
                0x020290e8                __deregister_frame_info
                0x020290c0                __register_frame_info_table
                0x02029098                __register_frame_info
 .text          0x02029274       0x20 /usr/local/openravenscar/sparc-ork-elf/lib/libc.a(abort.o)
                0x02029274                abort
 .text          0x02029294       0x1c /usr/local/openravenscar/sparc-ork-elf/lib/libc.a(atoi.o)
                0x02029294                atoi
 .text          0x020292b0        0xc /usr/local/openravenscar/sparc-ork-elf/lib/libc.a(errno.o)
                0x020292b0                __errno
 .text          0x020292bc       0x8c /usr/local/openravenscar/sparc-ork-elf/lib/libc.a(exit.o)
                0x020292bc                exit
 .text          0x02029348       0x90 /usr/local/openravenscar/sparc-ork-elf/lib/libc.a(fputc.o)
                0x02029348                fputc
 .text          0x020293d8       0x40 /usr/local/openravenscar/sparc-ork-elf/lib/libc.a(getenv.o)
                0x020293f8                getenv
                0x020293d8                _findenv
 .text          0x02029418      0x100 /usr/local/openravenscar/sparc-ork-elf/lib/libc.a(getenv_r.o)
                0x02029418                _findenv_r
                0x020294fc                _getenv_r
 .text          0x02029518       0x1c /usr/local/openravenscar/sparc-ork-elf/lib/libc.a(gmtime.o)
                0x02029518                gmtime
 .text          0x02029534       0x20 /usr/local/openravenscar/sparc-ork-elf/lib/libc.a(lcltime.o)
                0x02029534                localtime
 .text          0x02029554      0x21c /usr/local/openravenscar/sparc-ork-elf/lib/libc.a(lcltime_r.o)
                0x02029554                localtime_r
 .text          0x02029770       0x38 /usr/local/openravenscar/sparc-ork-elf/lib/libc.a(malloc.o)
                0x02029770                malloc
                0x0202978c                free
 .text          0x020297a8      0x774 /usr/local/openravenscar/sparc-ork-elf/lib/libc.a(mallocr.o)
                0x02029974                _malloc_r
 .text          0x02029f1c       0x80 /usr/local/openravenscar/sparc-ork-elf/lib/libc.a(memcmp.o)
                0x02029f1c                memcmp
 .text          0x02029f9c       0xc4 /usr/local/openravenscar/sparc-ork-elf/lib/libc.a(memcpy.o)
                0x02029f9c                memcpy
 .text          0x0202a060       0xa4 /usr/local/openravenscar/sparc-ork-elf/lib/libc.a(memset.o)
                0x0202a060                memset
 .text          0x0202a104       0x10 /usr/local/openravenscar/sparc-ork-elf/lib/libc.a(mlock.o)
                0x0202a10c                __malloc_unlock
                0x0202a104                __malloc_lock
 .text          0x0202a114       0x70 /usr/local/openravenscar/sparc-ork-elf/lib/libc.a(printf.o)
                0x0202a144                printf
                0x0202a114                _printf_r
 .text          0x0202a184       0x20 /usr/local/openravenscar/sparc-ork-elf/lib/libc.a(realloc.o)
                0x0202a184                realloc
 .text          0x0202a1a4      0x50c /usr/local/openravenscar/sparc-ork-elf/lib/libc.a(reallocr.o)
                0x0202a1a4                _realloc_r
 .text          0x0202a6b0       0x40 /usr/local/openravenscar/sparc-ork-elf/lib/libc.a(rget.o)
                0x0202a6b0                __srget
 .text          0x0202a6f0       0x34 /usr/local/openravenscar/sparc-ork-elf/lib/libc.a(sbrkr.o)
                0x0202a6f0                _sbrk_r
 .text          0x0202a724       0x64 /usr/local/openravenscar/sparc-ork-elf/lib/libc.a(scanf.o)
                0x0202a75c                _scanf_r
                0x0202a724                scanf
 .text          0x0202a788      0x24c /usr/local/openravenscar/sparc-ork-elf/lib/libc.a(signal.o)
                0x0202a7e4                _signal_r
                0x0202a840                _raise_r
                0x0202a8dc                __sigtramp_r
                0x0202a980                signal
                0x0202a9a0                _init_signal
                0x0202a788                _init_signal_r
                0x0202a9b8                __sigtramp
                0x0202a964                raise
 .text          0x0202a9d4       0x4c /usr/local/openravenscar/sparc-ork-elf/lib/libc.a(signalr.o)
                0x0202a9d4                _kill_r
                0x0202aa0c                _getpid_r
 .text          0x0202aa20       0xb4 /usr/local/openravenscar/sparc-ork-elf/lib/libc.a(sprintf.o)
                0x0202aa20                _sprintf_r
                0x0202aa74                sprintf
 .text          0x0202aad4       0x8c /usr/local/openravenscar/sparc-ork-elf/lib/libc.a(strcat.o)
                0x0202aad4                strcat
 .text          0x0202ab60       0xb8 /usr/local/openravenscar/sparc-ork-elf/lib/libc.a(strcmp.o)
                0x0202ab60                strcmp
 .text          0x0202ac18       0x8c /usr/local/openravenscar/sparc-ork-elf/lib/libc.a(strcpy.o)
                0x0202ac18                strcpy
 .text          0x0202aca4       0x78 /usr/local/openravenscar/sparc-ork-elf/lib/libc.a(strlen.o)
                0x0202aca4                strlen
 .text          0x0202ad1c       0xcc /usr/local/openravenscar/sparc-ork-elf/lib/libc.a(strncmp.o)
                0x0202ad1c                strncmp
 .text          0x0202ade8       0xd4 /usr/local/openravenscar/sparc-ork-elf/lib/libc.a(strncpy.o)
                0x0202ade8                strncpy
 .text          0x0202aebc       0x68 /usr/local/openravenscar/sparc-ork-elf/lib/libc.a(strstr.o)
                0x0202aebc                strstr
 .text          0x0202af24      0x1f8 /usr/local/openravenscar/sparc-ork-elf/lib/libc.a(strtol.o)
                0x0202b0f8                strtol
                0x0202af24                _strtol_r
 .text          0x0202b11c     0x19c4 /usr/local/openravenscar/sparc-ork-elf/lib/libc.a(vfprintf.o)
                0x0202b220                _vfprintf_r
                0x0202b200                vfprintf
 .text          0x0202cae0      0xf30 /usr/local/openravenscar/sparc-ork-elf/lib/libc.a(vfscanf.o)
                0x0202cae0                __svfscanf
                0x0202d930                __sccl
 .text          0x0202da10      0x10c /usr/local/openravenscar/sparc-ork-elf/lib/libc.a(wbuf.o)
                0x0202da10                __swbuf
 .text          0x0202db1c      0x10c /usr/local/openravenscar/sparc-ork-elf/lib/libc.a(wsetup.o)
                0x0202db1c                __swsetup
 .text          0x0202dc28       0x18 /usr/local/openravenscar/sparc-ork-elf/lib/libc.a(atof.o)
                0x0202dc28                atof
 .text          0x0202dc40     0x1250 /usr/local/openravenscar/sparc-ork-elf/lib/libc.a(dtoa.o)
                0x0202de2c                _dtoa_r
 .text          0x0202ee90       0x10 /usr/local/openravenscar/sparc-ork-elf/lib/libc.a(envlock.o)
                0x0202ee98                __env_unlock
                0x0202ee90                __env_lock
 .text          0x0202eea0       0xf0 /usr/local/openravenscar/sparc-ork-elf/lib/libc.a(fflush.o)
                0x0202eea0                fflush
 .text          0x0202ef90      0x228 /usr/local/openravenscar/sparc-ork-elf/lib/libc.a(findfp.o)
                0x0202f148                __sinit
                0x0202efec                __sfmoreglue
                0x0202f130                _cleanup
                0x0202f114                _cleanup_r
                0x0202f044                __sfp
 .text          0x0202f1b8       0xcc /usr/local/openravenscar/sparc-ork-elf/lib/libc.a(fread.o)
                0x0202f1b8                fread
 .text          0x0202f284      0x3c0 /usr/local/openravenscar/sparc-ork-elf/lib/libc.a(freer.o)
                0x0202f284                _free_r
                0x0202f520                _malloc_trim_r
 .text          0x0202f644      0x380 /usr/local/openravenscar/sparc-ork-elf/lib/libc.a(fvwrite.o)
                0x0202f644                __sfvwrite
 .text          0x0202f9c4       0x60 /usr/local/openravenscar/sparc-ork-elf/lib/libc.a(fwalk.o)
                0x0202f9c4                _fwalk
 .text          0x0202fa24       0xa4 /usr/local/openravenscar/sparc-ork-elf/lib/libc.a(locale.o)
                0x0202fa24                _setlocale_r
                0x0202fa84                _localeconv_r
                0x0202fa90                setlocale
                0x0202fab0                localeconv
 .text          0x0202fac8      0x144 /usr/local/openravenscar/sparc-ork-elf/lib/libc.a(makebuf.o)
                0x0202fac8                __smakebuf
 .text          0x0202fc0c       0x58 /usr/local/openravenscar/sparc-ork-elf/lib/libc.a(mbtowc_r.o)
                0x0202fc0c                _mbtowc_r
 .text          0x0202fc64       0xd4 /usr/local/openravenscar/sparc-ork-elf/lib/libc.a(memchr.o)
                0x0202fc64                memchr
 .text          0x0202fd38      0x110 /usr/local/openravenscar/sparc-ork-elf/lib/libc.a(memmove.o)
                0x0202fd38                memmove
 .text          0x0202fe48      0xd14 /usr/local/openravenscar/sparc-ork-elf/lib/libc.a(mprec.o)
                0x02030b10                _mprec_log10
                0x020300bc                _hi0bits
                0x0202fe48                _Balloc
                0x0203094c                _d2b
                0x0203022c                _multiply
                0x02030a80                _ratio
                0x0202fffc                _s2b
                0x02030208                _i2b
                0x0203013c                _lo0bits
                0x020305fc                __mcmp
                0x02030418                _pow5mult
                0x020307c0                _ulp
                0x0203084c                _b2d
                0x0202ff18                _multadd
                0x02030664                __mdiff
                0x02030500                _lshift
                0x0202fee0                _Bfree
 .text          0x02030b5c      0x19c /usr/local/openravenscar/sparc-ork-elf/lib/libc.a(refill.o)
                0x02030b70                __srefill
 .text          0x02030cf8       0x38 /usr/local/openravenscar/sparc-ork-elf/lib/libc.a(s_isinf.o)
                0x02030cf8                isinf
 .text          0x02030d30      0x104 /usr/local/openravenscar/sparc-ork-elf/lib/libc.a(stdio.o)
                0x02030dcc                __sseek
                0x02030d30                __sread
                0x02030e1c                __sclose
                0x02030d7c                __swrite
 .text          0x02030e34      0xedc /usr/local/openravenscar/sparc-ork-elf/lib/libc.a(strtod.o)
                0x02030e34                _strtod_r
                0x02031cf4                strtodf
                0x02031cd4                strtod
 .text          0x02031d10      0x1d8 /usr/local/openravenscar/sparc-ork-elf/lib/libc.a(strtoul.o)
                0x02031ec4                strtoul
                0x02031d10                _strtoul_r
 .text          0x02031ee8      0x228 /usr/local/openravenscar/sparc-ork-elf/lib/libc.a(ungetc.o)
                0x02031f98                ungetc
                0x02031ee8                __submore